src/content-script.ts(3,10): error TS2305: Module '"./lib/whatsapp"' has no exported member 'extractChatHistory'.
src/sidepanel/sidepanel.tsx(27,19): error TS2345: Argument of type '{}' is not assignable to parameter of type 'SetStateAction<string>'.
